  console.log
    [dotenv@17.2.3] injecting env (0) from .env -- tip: 🗂️ backup and recover secrets: https://dotenvx.com/ops

      at _log (node_modules/dotenv/lib/main.js:142:11)

FAIL tests/app.test.js


  ● Test suite failed to run

    Server is not running.


Test Suites: 1 failed, 1 total
Tests:       1 passed, 1 total
Snapshots:   0 total
Time:        5.02 s, estimated 8 s
Ran all test suites.
